No tests found, exiting with code 0
